// Vitest Snapshot v1, https://vitest.dev/guide/snapshot.html

exports[`buildWeekPromptParts snapshots > builds baseline puppy prompt 1`] = `
"Du är DogVantage träningsassistent för rasen labrador. Returnera ett veckoschema som giltig JSON.

Ras: Labrador Retriever | Känslighet: medium | Ändamål: Apporterande jakthund för land och vatten. Hämtar nedskjutet vilt på kommando, arbetar på distans från jägaren.
Temperament: • Glad, social och omtyckt — motiveras starkt av mat och lek
• Energisk och uthållig, behöver mycket rörelse
• Läraktig och vill gärna samarbeta med ägaren
Varningar: • Hög matmotivation — passa vikten, använd kibble som belöning
• Kan bli besatt av bollen/dummyn — håll apporteringstid lagom

Biologisk ålder: 12 veckor. Anpassa belastning, passlängd och förväntningar efter detta.
=== TRÄNINGSFAS: Grundläggande lydnad (vecka 10–16) ===
Passlängd: 5–8 minuter | Antal pass/dag: 3 ggr/dag

Vad du ska prioritera just nu:
• Befästa inkallning i allt fler miljöer
• Ligg — grundläggande lugnaövning
• Stanna/plats — korta ögonblick av stillasittande
• Nej/lämna — viktigt impulskontrollsmoment
• Löskoppling i inhägnat område
• Fortsatt socialisering — hundar, barn, trafik

Konkreta övningar för veckan:
• Inkallning med 2 belöningsnivåer: godis för 1–3 meter, lek+godis för längre avstånd.
• Ligg: från sitt — håll godiset mot golvet framåt, lär hunden sjunka ner.
• Plats/stanna: be om sitt, gå ett steg ifrån, kom tillbaka och belöna. Öka steg för steg.
• Lös-kommando: "fri" — hunden springer iväg = frihetssignal, kalla in regelbundet under leken.
• Koppelgång: 5 min strukturerad gång utan nackdrag, godiset hålls vid höften.

Milstolpar (mål för fasen):
• Inkallning fungerar i trädgård med distraktioner
• Ligg på kommando med handsignal
• Sitter still 5 sekunder medan du tar 3 steg
• Grundläggande koppelgång utan konstant nackdrag
Ägarens mål: Vardagslydnad. Anpassa övningsvalet efter dessa mål.

=== TRÄNARKONTEXT ===
Miljö: Stad

Returnera ENBART JSON i detta format (inga förklaringar):
{"days":[
  {"day":"Måndag","rest":false,"exercises":[{"id":"inkallning","label":"Inkallning","desc":"Kalla med glad röst, 3 min","reps":3}]},
  {"day":"Tisdag","rest":true},
  {"day":"Onsdag","rest":false,"exercises":[{"id":"sitt","label":"Sitt","desc":"Håll godis över nosen, 5 min","reps":5}]},
  {"day":"Torsdag","rest":false,"exercises":[{"id":"namn","label":"Namnkontakt","desc":"Säg namn, belöna blick, 3 min","reps":5}]},
  {"day":"Fredag","rest":true},
  {"day":"Lördag","rest":false,"exercises":[{"id":"stanna","label":"Stanna","desc":"En hand upp, 1–2 min","reps":3}]},
  {"day":"Söndag","rest":false,"exercises":[{"id":"inkallning","label":"Inkallning","desc":"Öka avstånd, 5 min","reps":3}]}
]}

Regler:
- Exakt 7 dagar i ordning: Måndag–Söndag
- 1–2 vilodagar: rest:true, utelämna exercises
- Träningsdagar: 2–3 exercises, reps 1–5
- id lowercase, inga mellanslag; tillåtna id: marker, namn, inkallning, stoppsignal, stanna, sitt, ligg, koppel, hantering, socialisering, fokus, apportering, plats, fri, impulskontroll, rastning, bett_inhibition, box_traning, ensam_traning, fot
- desc max 12 ord på svenska, inkludera hur länge
- VARIATION: samma id max 2 gånger per vecka — sprid ut övningarna, undvik att upprepa samma kombination två dagar i rad
- FRI-SIGNAL: varje dag som innehåller sitt, ligg, stanna eller plats MÅSTE också innehålla fri (id: fri) som sista eller näst sista exercise — de tränas alltid ihop
- Programvecka 1; anpassa övningar till rasens egenskaper
- Passlängdsregel (ålder 12 v): MAX 3 min per pass i desc-fältet. Korta micro-sessions för valpar under 12 v.
- R+-grundregel (programvecka 1): inkludera "marker" (id: marker) som första övning på MINST 3 av veckans träningsdagar. Mål: ladda markören innan hunden förväntas svara på signaler. Utan laddad markör är all annan markering meningslös.
- Förstärkningsschema (vecka 1–3): belöna VARJE lyckad rep (CRF, continuous reinforcement). Du bygger associationen mellan beteendet och belöningen — variabel förstärkning kommer senare.
- Valpregel: inkludera hantering och socialisering flera dagar. Inga "tunga" distans/störnings-ökningar.
- Målregel (Vardagslydnad): Inkludera vardagsrelevanta övningar som koppel, inkallning, hantering.
- Husdjursregel (katter i hemmet): inkludera socialisering OCH impulskontroll varje träningsdag (båda är tillåtna id). Lägg in plats minst 2 dagar. Skriv "katt" i desc för dessa övningar, t.ex. "Socialisering: lugn katt synlig, 3 min". Mål: valpen lär sig att katter är neutrala."
`;

exports[`buildWeekPromptParts snapshots > builds in-heat focus prompt 1`] = `
"Du är DogVantage träningsassistent för rasen braque_francais. Returnera ett veckoschema som giltig JSON.

Ras: Braque Français (Pyrénées) | Känslighet: soft | Ändamål: Stående fågelhund för jakt i fält, skog och vatten. Arbetar nära jägaren i ett samarbetssök och stannar i ståndet tills jägaren är framme.
Temperament: • Mjuk och känslig — tål inte hård ton eller fysisk bestraffning
• Samarbetsvillig och kontaktssökande med ägaren
• Nyfiken och lekfull, motiveras av beröm och samspel
Varningar: • Hård ton, skrik eller fysisk korrigering stänger av hunden — undvik alltid
• För långa pass skapar överbelastning och tappad motivation

Biologisk ålder: 60 veckor. Anpassa belastning, passlängd och förväntningar efter detta.
=== TRÄNINGSFAS: Vuxen hund (vecka 52–∞) ===
Passlängd: 15–30 minuter | Antal pass/dag: 1–2 ggr/dag

Vad du ska prioritera just nu:
• Underhåll och förfining av befintliga färdigheter
• Fördjupning inom ras/sport
• Mentalt stimulerande utmaningar

Konkreta övningar för veckan:
• Veckovis repetition av grundkommandon.
• Rasspecifik träning: jaktprov, tävling, spår, rally.
• Nosework/doftsök som mental stimulans.

Milstolpar (mål för fasen):
(inga definierade för denna fas)
Ägarens mål: Jakt / bruk. Anpassa övningsvalet efter dessa mål.

=== SENASTE PRESTATION (anpassa nästkommande vecka efter detta) ===
• Inkallning gick bra förra veckan
Justera svårighetsgrad och val av övningar baserat på ovanstående.

=== EGNA ÖVNINGAR (inkludera om lämpligt, max 1 per dag) ===
- targetmatta: Targetmatta

Returnera ENBART JSON i detta format (inga förklaringar):
{"days":[
  {"day":"Måndag","rest":false,"exercises":[{"id":"inkallning","label":"Inkallning","desc":"Kalla med glad röst, 3 min","reps":3}]},
  {"day":"Tisdag","rest":true},
  {"day":"Onsdag","rest":false,"exercises":[{"id":"sitt","label":"Sitt","desc":"Håll godis över nosen, 5 min","reps":5}]},
  {"day":"Torsdag","rest":false,"exercises":[{"id":"namn","label":"Namnkontakt","desc":"Säg namn, belöna blick, 3 min","reps":5}]},
  {"day":"Fredag","rest":true},
  {"day":"Lördag","rest":false,"exercises":[{"id":"stanna","label":"Stanna","desc":"En hand upp, 1–2 min","reps":3}]},
  {"day":"Söndag","rest":false,"exercises":[{"id":"inkallning","label":"Inkallning","desc":"Öka avstånd, 5 min","reps":3}]}
]}

Regler:
- Exakt 7 dagar i ordning: Måndag–Söndag
- 1–2 vilodagar: rest:true, utelämna exercises
- Träningsdagar: 2–3 exercises, reps 1–5
- id lowercase, inga mellanslag; tillåtna id: marker, namn, inkallning, stoppsignal, stanna, hantering, socialisering, stadga, orientering, kontrollerat_sok, impulskontroll, koppel, ligg, sitt, plats, fri, apportering, vatten, fot, fokus, targetmatta
- desc max 12 ord på svenska, inkludera hur länge
- VARIATION: samma id max 2 gånger per vecka — sprid ut övningarna, undvik att upprepa samma kombination två dagar i rad
- FRI-SIGNAL: varje dag som innehåller sitt, ligg, stanna eller plats MÅSTE också innehålla fri (id: fri) som sista eller näst sista exercise — de tränas alltid ihop
- Programvecka 4; anpassa övningar till rasens egenskaper
- === UTVECKLINGSFÖNSTER (Andra frykperioden, 26–60 v) ===
- Andra frykperiod + adolescent regression (6–14 mån): kortikal pruning omformar nervsystemet. Tidigare inlärda beteenden kan verka försvinna — det är neurobiologi, inte olydnad. Konsolidera, höj inte kriterier under denna fas. Belöna generöst, korta pass. Stötta hunden vid plötsliga rädslor istället för att tvinga.
- Passlängdsregel (ålder 60 v): MAX 15 min per pass i desc-fältet. Korta micro-sessions för valpar under 12 v.
- Förstärkningsschema: när ett beteende är pålitligt på en kriterienivå (~80% lyckade reps över 3 pass) — börja belöna ungefär 2 av 3 reps istället för varje. Hög motivation utan att hunden tappar engagemanget. Vid stort genombrott (första gången på svår nivå): jackpot — 5 godis i rad. Förklara detta i desc där det är relevant ("varje annan rep" / "jackpot på första lyckad").
- Capturing vs. luring: för sitt/ligg/plats — inkludera laddertrappstegen "fasa ut locket" och "fånga erbjudet beteende" istället för att fastna i luring. Lure-beroende hund följer maten, inte signalen.
- Rasregel (stående fågelhund): inkludera minst 1 av: stadga, orientering, kontrollerat_sok, impulskontroll under veckan.
- Målregel (Jakt / bruk): Inkludera minst en av: stadga, orientering, kontrollerat_sok, stoppsignal per träningsdag.
- Husdjursregel (smådjur): inkludera impulskontroll och fokus varje träningsdag (båda är tillåtna id). Skriv "smådjur" i desc. Bygg artfrid.
- Veckofokus från ägaren: Impulskontroll & lugn, Uppmärksamhet & fokus. Inkludera minst en övning med id ur denna lista varje träningsdag: impulskontroll, stanna, plats, namn, fokus. Vikta planen mot dessa men följ fortfarande rasregler och valpregler.
- Könsregel (tik i löp): förkorta alla pass till max 5 min, undvik socialisering med okända hundar, prioritera impulskontroll och lugna inomhusövningar. Skriv "löp" i desc för berörda övningar."
`;

exports[`buildWeekPromptParts snapshots > builds reactive adolescent prompt 1`] = `
"Du är DogVantage träningsassistent för rasen miniature_american_shepherd. Returnera ett veckoschema som giltig JSON.

Ras: Miniature American Shepherd | Känslighet: medium | Ändamål: Vallhund för lättare boskap (får, getter). Utvecklad på 1960-talet ur små Australiska Vallhundar av Doris Cordova. Erkänd av AKC 2015. Jobbar nära människan, tänker självständigt men är mycket kontaktssökande.
Temperament: • Intelligent och snabblärd — tar till sig kommandon snabbt, behöver mentala utmaningar
• Energisk och arbetsvillig — trivs bäst när den har ett uppdrag
• Lojal och nära sin familj — stark anknytning, kan bli överdrivet vaktande
Varningar: • Understimulerad MAS hittar egna projekt — grävning, skällande, destruktion
• Vallinstinkten kan bli problematisk mot barn, cyklister eller katter om den inte kanaliseras tidigt

Biologisk ålder: 40 veckor. Anpassa belastning, passlängd och förväntningar efter detta.
=== TRÄNINGSFAS: Ungdomsperiod (adolescent regression) (vecka 26–52) ===
Passlängd: 10–20 minuter | Antal pass/dag: 2 ggr/dag

Vad du ska prioritera just nu:
• Kortikal pruning omformar nervsystemet — tidigare inlärda beteenden kan verka "försvinna". Det är neurobiologi, inte attityd.
• Andra frykperiod kan inträffa här — stötta hunden vid plötsliga rädslor istället för att tvinga.
• Konsolidera befintliga beteenden, höj inte kriterier under regressionsfasen.
• Korta, lyckade pass med generös förstärkning — minska luringen, öka markörarbetet.

Konkreta övningar för veckan:
• Upprepa alla grundövningar men med ökad distans och distraktion.
• Distansarbete: ut till dummy/vilt på 20–30 meter på kommando.
• Fokusövning: 30 sek ögonkontakt med distraktion runtomkring.
• Rasspecifik träning 2–3 ggr/vecka i riktig miljö.

Milstolpar (mål för fasen):
• Alla grundkommandon sitter utomhus med distraktioner
• Redo för nybörjarklass i lydnad eller jaktprov
=== TRÄNARKONTEXT ===
Drar hårt eller reagerar på andra hundar

Returnera ENBART JSON i detta format (inga förklaringar):
{"days":[
  {"day":"Måndag","rest":false,"exercises":[{"id":"inkallning","label":"Inkallning","desc":"Kalla med glad röst, 3 min","reps":3}]},
  {"day":"Tisdag","rest":true},
  {"day":"Onsdag","rest":false,"exercises":[{"id":"sitt","label":"Sitt","desc":"Håll godis över nosen, 5 min","reps":5}]},
  {"day":"Torsdag","rest":false,"exercises":[{"id":"namn","label":"Namnkontakt","desc":"Säg namn, belöna blick, 3 min","reps":5}]},
  {"day":"Fredag","rest":true},
  {"day":"Lördag","rest":false,"exercises":[{"id":"stanna","label":"Stanna","desc":"En hand upp, 1–2 min","reps":3}]},
  {"day":"Söndag","rest":false,"exercises":[{"id":"inkallning","label":"Inkallning","desc":"Öka avstånd, 5 min","reps":3}]}
]}

Regler:
- Exakt 7 dagar i ordning: Måndag–Söndag
- 1–2 vilodagar: rest:true, utelämna exercises
- Träningsdagar: 2–3 exercises, reps 1–5
- id lowercase, inga mellanslag; tillåtna id: marker, namn, inkallning, stoppsignal, stanna, sitt, ligg, koppel, hantering, socialisering, fokus, impulskontroll, stadga, orientering, nosework, plats, fri, vallning, fot, lat
- desc max 12 ord på svenska, inkludera hur länge
- VARIATION: samma id max 2 gånger per vecka — sprid ut övningarna, undvik att upprepa samma kombination två dagar i rad
- FRI-SIGNAL: varje dag som innehåller sitt, ligg, stanna eller plats MÅSTE också innehålla fri (id: fri) som sista eller näst sista exercise — de tränas alltid ihop
- Programvecka 6; anpassa övningar till rasens egenskaper
- Progression: håll kriterier för inkallning.
- === UTVECKLINGSFÖNSTER (Andra frykperioden, 26–60 v) ===
- Andra frykperiod + adolescent regression (6–14 mån): kortikal pruning omformar nervsystemet. Tidigare inlärda beteenden kan verka försvinna — det är neurobiologi, inte olydnad. Konsolidera, höj inte kriterier under denna fas. Belöna generöst, korta pass. Stötta hunden vid plötsliga rädslor istället för att tvinga.
- Passlängdsregel (ålder 40 v): MAX 15 min per pass i desc-fältet. Korta micro-sessions för valpar under 12 v.
- Reaktivitetsregel: hunden är reaktiv. (1) Inkludera "lat" (id: lat) på minst 2 träningsdagar — sätt desc med working distance som första anvisning ("LAT på 20 m, korta reps"). (2) Efter en LAT-dag MÅSTE följande dag vara lugn (rest:true ELLER bara sniff/hantering/namn — inga ytterligare trigger-pass). Trigger stacking höjer cortisol i dagar. (3) Inga möte-baserade övningar (socialisering med okända, etc.) två dagar i rad. (4) Skriv aldrig "passera möten" eller liknande tvångsexponering — exponering sker ALLTID under threshold.
- Förstärkningsschema: när ett beteende är pålitligt på en kriterienivå (~80% lyckade reps över 3 pass) — börja belöna ungefär 2 av 3 reps istället för varje. Hög motivation utan att hunden tappar engagemanget. Vid stort genombrott (första gången på svår nivå): jackpot — 5 godis i rad. Förklara detta i desc där det är relevant ("varje annan rep" / "jackpot på första lyckad").
- Capturing vs. luring: för sitt/ligg/plats — inkludera laddertrappstegen "fasa ut locket" och "fånga erbjudet beteende" istället för att fastna i luring. Lure-beroende hund följer maten, inte signalen.
- Rasregel (vallhund, ungdom/vuxen): inkludera vallning minst 1 dag per vecka. Inkludera impulskontroll och/eller stoppsignal minst 2 dagar. Varva rörelse med lugn-övningar.
- Könsmognadsregel (intakt hane, 7–18 mån): ökad hormonstimulans kan ge distraktion och rivalitet. Inkludera impulskontroll minst 3 dagar. Håll pass korta (5–8 min). Öka inte kriterier snabbt — konsolidera befintliga beteenden."
`;
