
> web@0.1.0 build /home/albin/Documents/DogVantage/.worktrees/rn-0/apps/web
> next build

▲ Next.js 16.2.4 (Turbopack)
- Environments: .env.local

  Creating an optimized production build ...
✓ Compiled successfully in 6.0s
  Running TypeScript ...
  Finished TypeScript in 10.1s ...
  Collecting page data using 7 workers ...
  Generating static pages using 7 workers (0/49) ...
  Generating static pages using 7 workers (12/49) 
  Generating static pages using 7 workers (24/49) 
  Generating static pages using 7 workers (36/49) 
✓ Generating static pages using 7 workers (49/49) in 509ms
  Finalizing page optimization ...

Route (app)
┌ ƒ /
├ ○ /_not-found
├ ○ /admin/ingest
├ ƒ /api/account
├ ƒ /api/billing/checkout
├ ƒ /api/billing/ensure-trial
├ ƒ /api/billing/me
├ ƒ /api/billing/portal
├ ƒ /api/billing/webhook
├ ƒ /api/chat
├ ƒ /api/chat/history
├ ƒ /api/ingest
├ ƒ /api/learning/curriculum
├ ƒ /api/learning/curriculum/[moduleId]
├ ƒ /api/learning/quiz
├ ƒ /api/logs
├ ƒ /api/takedown
├ ƒ /api/training/checkin
├ ƒ /api/training/custom
├ ƒ /api/training/dog-state
├ ƒ /api/training/exercise-history
├ ƒ /api/training/exercise-sources
├ ƒ /api/training/focus
├ ƒ /api/training/heat
├ ƒ /api/training/metrics
├ ƒ /api/training/micro-lesson
├ ƒ /api/training/progress
├ ƒ /api/training/progression
├ ƒ /api/training/project
├ ƒ /api/training/skill-progress
├ ƒ /api/training/skips
├ ƒ /api/training/week
├ ƒ /api/upload
├ ○ /assessment
├ ○ /calendar
├ ○ /chat
├ ○ /dashboard
├ ○ /learn
├ ○ /learn/quiz
├ ○ /log
├ ○ /login
├ ○ /manifest.webmanifest
├ ○ /onboarding
├ ○ /paywall
├ ○ /privacy
├ ○ /profile
├ ○ /skills
└ ○ /upload


ƒ Proxy (Middleware)

○  (Static)   prerendered as static content
ƒ  (Dynamic)  server-rendered on demand

